--------------------------------------------------
goes-missing.out is missing after running command
--------------------------------------------------
