--------------------------------------------------
bar-mismatch.out
--------------------------------------------------
--- bar-mismatch.out : original
+++ bar-mismatch.out : generated
@@ -1,3 +1,3 @@
 first line in
-bar-original
+bar-actual
 last line!
